Traceback (most recent call last):
  File "D:\python_project\multi-run-apps\tools\copy-content\copy-content.py", line 26, in <module>
    from pynput import keyboard
ModuleNotFoundError: No module named 'pynput'
Traceback (most recent call last):
  File "D:\python_project\multi-run-apps\tools\copy-content\copy-content.py", line 26, in <module>
    from pynput import keyboard
ModuleNotFoundError: No module named 'pynput'
Traceback (most recent call last):
  File "D:\python_project\multi-run-apps\tools\copy-content\copy-content.py", line 26, in <module>
    from pynput import keyboard
ModuleNotFoundError: No module named 'pynput'
Traceback (most recent call last):
  File "D:\python_project\multi-run-apps\tools\copy-content\copy-content.py", line 26, in <module>
    from pynput import keyboard
ModuleNotFoundError: No module named 'pynput'
Traceback (most recent call last):
  File "D:\python_project\multi-run-apps\tools\copy-content\copy-content.py", line 26, in <module>
    from pynput import keyboard
ModuleNotFoundError: No module named 'pynput'
Traceback (most recent call last):
  File "D:\python_project\multi-run-apps\tools\copy-content\copy-content.py", line 26, in <module>
    from pynput import keyboard
ModuleNotFoundError: No module named 'pynput'
Traceback (most recent call last):
  File "D:\python_project\multi-run-apps\tools\copy-content\copy-content.py", line 26, in <module>
    from pynput import keyboard
ModuleNotFoundError: No module named 'pynput'
Traceback (most recent call last):
  File "D:\python_project\multi-run-apps\tools\copy-content\copy-content.py", line 26, in <module>
    from pynput import keyboard
ModuleNotFoundError: No module named 'pynput'
Downloading pywin32 (9.2MiB)
 Downloaded pywin32
Installed 6 packages in 1.16s
'uv' is not recognized as an internal or external command,
operable program or batch file.
'uv' is not recognized as an internal or external command,
operable program or batch file.
