[2026-01-29 16:12:43 +0900] [1945800] [INFO] Starting gunicorn 23.0.0
[2026-01-29 16:12:43 +0900] [1945800] [INFO] Listening at: http://127.0.0.1:9994 (1945800)
[2026-01-29 16:12:43 +0900] [1945800] [INFO] Using worker: sync
[2026-01-29 16:12:43 +0900] [1945804] [INFO] Booting worker with pid: 1945804
[2026-01-29 16:12:43 +0900] [1945806] [INFO] Booting worker with pid: 1945806
[2026-01-29 16:12:43 +0900] [1945807] [INFO] Booting worker with pid: 1945807
[2026-01-29 16:12:43 +0900] [1945808] [INFO] Booting worker with pid: 1945808
[2026-01-29 16:12:51 +0900] [1945800] [INFO] Handling signal: int
[2026-01-29 16:12:51 +0900] [1945804] [INFO] Worker exiting (pid: 1945804)
[2026-01-29 16:12:51 +0900] [1945806] [INFO] Worker exiting (pid: 1945806)
[2026-01-29 16:12:51 +0900] [1945808] [INFO] Worker exiting (pid: 1945808)
[2026-01-29 16:12:51 +0900] [1945807] [INFO] Worker exiting (pid: 1945807)
[2026-01-29 16:12:51 +0900] [1945800] [INFO] Shutting down: Master
[2026-01-29 16:13:23 +0900] [1946161] [INFO] Starting gunicorn 23.0.0
[2026-01-29 16:13:23 +0900] [1946161] [INFO] Listening at: http://127.0.0.1:9994 (1946161)
[2026-01-29 16:13:23 +0900] [1946161] [INFO] Using worker: sync
[2026-01-29 16:13:23 +0900] [1946162] [INFO] Booting worker with pid: 1946162
[2026-01-29 16:13:23 +0900] [1946163] [INFO] Booting worker with pid: 1946163
[2026-01-29 16:13:23 +0900] [1946164] [INFO] Booting worker with pid: 1946164
[2026-01-29 16:13:23 +0900] [1946165] [INFO] Booting worker with pid: 1946165
[2026-01-29 16:13:30 +0900] [1946161] [INFO] Handling signal: winch
[2026-01-29 16:13:44 +0900] [1946161] [INFO] Handling signal: int
[2026-01-29 16:13:44 +0900] [1946164] [INFO] Worker exiting (pid: 1946164)
[2026-01-29 16:13:44 +0900] [1946163] [INFO] Worker exiting (pid: 1946163)
[2026-01-29 16:13:44 +0900] [1946165] [INFO] Worker exiting (pid: 1946165)
[2026-01-29 16:13:44 +0900] [1946162] [INFO] Worker exiting (pid: 1946162)
[2026-01-29 16:13:44 +0900] [1946161] [INFO] Shutting down: Master
[2026-01-29 16:15:44 +0900] [1947439] [INFO] Starting gunicorn 23.0.0
[2026-01-29 16:15:44 +0900] [1947439] [INFO] Listening at: http://127.0.0.1:9994 (1947439)
[2026-01-29 16:15:44 +0900] [1947439] [INFO] Using worker: sync
[2026-01-29 16:15:44 +0900] [1947440] [INFO] Booting worker with pid: 1947440
[2026-01-29 16:15:44 +0900] [1947441] [INFO] Booting worker with pid: 1947441
[2026-01-29 16:15:44 +0900] [1947442] [INFO] Booting worker with pid: 1947442
[2026-01-29 16:15:44 +0900] [1947443] [INFO] Booting worker with pid: 1947443
[2026-01-29 16:15:49 +0900] [1947439] [INFO] Handling signal: int
[2026-01-29 16:15:50 +0900] [1947440] [INFO] Worker exiting (pid: 1947440)
[2026-01-29 16:15:50 +0900] [1947443] [INFO] Worker exiting (pid: 1947443)
[2026-01-29 16:15:50 +0900] [1947441] [INFO] Worker exiting (pid: 1947441)
[2026-01-29 16:15:50 +0900] [1947442] [INFO] Worker exiting (pid: 1947442)
[2026-01-29 16:15:50 +0900] [1947439] [INFO] Shutting down: Master
[2026-01-29 16:16:46 +0900] [1947978] [INFO] Starting gunicorn 23.0.0
[2026-01-29 16:16:46 +0900] [1947978] [INFO] Listening at: http://127.0.0.1:9994 (1947978)
[2026-01-29 16:16:46 +0900] [1947978] [INFO] Using worker: sync
[2026-01-29 16:16:46 +0900] [1947979] [INFO] Booting worker with pid: 1947979
[2026-01-29 16:16:46 +0900] [1947980] [INFO] Booting worker with pid: 1947980
[2026-01-29 16:16:46 +0900] [1947981] [INFO] Booting worker with pid: 1947981
[2026-01-29 16:16:47 +0900] [1947982] [INFO] Booting worker with pid: 1947982
[2026-01-29 16:16:53 +0900] [1947978] [INFO] Handling signal: term
[2026-01-29 16:16:53 +0900] [1947980] [INFO] Worker exiting (pid: 1947980)
[2026-01-29 16:16:53 +0900] [1947979] [INFO] Worker exiting (pid: 1947979)
[2026-01-29 16:16:53 +0900] [1947981] [INFO] Worker exiting (pid: 1947981)
[2026-01-29 16:16:53 +0900] [1947982] [INFO] Worker exiting (pid: 1947982)
[2026-01-29 16:16:53 +0900] [1947978] [INFO] Shutting down: Master
[2026-01-29 16:44:02 +0900] [1960556] [INFO] Starting gunicorn 23.0.0
[2026-01-29 16:44:02 +0900] [1960556] [INFO] Listening at: http://127.0.0.1:9994 (1960556)
[2026-01-29 16:44:02 +0900] [1960556] [INFO] Using worker: sync
[2026-01-29 16:44:02 +0900] [1960561] [INFO] Booting worker with pid: 1960561
[2026-01-29 16:44:02 +0900] [1960562] [INFO] Booting worker with pid: 1960562
[2026-01-29 16:44:02 +0900] [1960563] [INFO] Booting worker with pid: 1960563
[2026-01-29 16:44:02 +0900] [1960564] [INFO] Booting worker with pid: 1960564
[2026-01-29 16:47:35 +0900] [1960556] [INFO] Handling signal: winch
[2026-01-29 16:58:20 +0900] [1960556] [INFO] Handling signal: hup
[2026-01-29 16:58:20 +0900] [1960556] [INFO] Hang up: Master
[2026-01-29 16:58:20 +0900] [1960556] [ERROR] Worker (pid:1960562) was sent SIGHUP!
[2026-01-29 16:58:20 +0900] [1960556] [ERROR] Worker (pid:1960564) was sent SIGHUP!
[2026-01-29 16:58:20 +0900] [1960556] [ERROR] Worker (pid:1960563) was sent SIGHUP!
[2026-01-29 16:58:20 +0900] [1960556] [ERROR] Worker (pid:1960561) was sent SIGHUP!
[2026-01-29 16:58:20 +0900] [1967637] [INFO] Booting worker with pid: 1967637
[2026-01-29 16:58:20 +0900] [1967639] [INFO] Booting worker with pid: 1967639
[2026-01-29 16:58:20 +0900] [1960556] [INFO] Handling signal: hup
[2026-01-29 16:58:20 +0900] [1960556] [INFO] Hang up: Master
[2026-01-29 16:58:20 +0900] [1967640] [INFO] Booting worker with pid: 1967640
[2026-01-29 16:58:20 +0900] [1967641] [INFO] Booting worker with pid: 1967641
[2026-01-29 16:58:20 +0900] [1967643] [INFO] Booting worker with pid: 1967643
[2026-01-29 16:58:20 +0900] [1967644] [INFO] Booting worker with pid: 1967644
[2026-01-29 16:58:20 +0900] [1967645] [INFO] Booting worker with pid: 1967645
[2026-01-29 16:58:20 +0900] [1967646] [INFO] Booting worker with pid: 1967646
[2026-01-29 16:58:21 +0900] [1967641] [INFO] Worker exiting (pid: 1967641)
[2026-01-29 16:58:21 +0900] [1967639] [INFO] Worker exiting (pid: 1967639)
[2026-01-29 16:58:21 +0900] [1967637] [INFO] Worker exiting (pid: 1967637)
[2026-01-29 16:58:21 +0900] [1967640] [INFO] Worker exiting (pid: 1967640)
[2026-01-29 16:58:21 +0900] [1960556] [ERROR] Worker (pid:1967640) was sent SIGTERM!
[2026-01-29 16:58:21 +0900] [1960556] [ERROR] Worker (pid:1967641) was sent SIGTERM!
[2026-01-29 17:03:49 +0900] [1970836] [INFO] Starting gunicorn 23.0.0
[2026-01-29 17:03:49 +0900] [1970836] [ERROR] Connection in use: ('127.0.0.1', 9994)
[2026-01-29 17:03:49 +0900] [1970836] [ERROR] connection to ('127.0.0.1', 9994) failed: [Errno 98] Address already in use
[2026-01-29 17:03:50 +0900] [1970836] [ERROR] Connection in use: ('127.0.0.1', 9994)
[2026-01-29 17:03:50 +0900] [1970836] [ERROR] connection to ('127.0.0.1', 9994) failed: [Errno 98] Address already in use
[2026-01-29 17:03:51 +0900] [1970836] [ERROR] Connection in use: ('127.0.0.1', 9994)
[2026-01-29 17:03:51 +0900] [1970836] [ERROR] connection to ('127.0.0.1', 9994) failed: [Errno 98] Address already in use
[2026-01-29 17:03:52 +0900] [1970836] [ERROR] Connection in use: ('127.0.0.1', 9994)
[2026-01-29 17:03:52 +0900] [1970836] [ERROR] connection to ('127.0.0.1', 9994) failed: [Errno 98] Address already in use
[2026-01-29 17:03:53 +0900] [1970836] [ERROR] Connection in use: ('127.0.0.1', 9994)
[2026-01-29 17:03:53 +0900] [1970836] [ERROR] connection to ('127.0.0.1', 9994) failed: [Errno 98] Address already in use
[2026-01-29 17:03:54 +0900] [1970836] [ERROR] Can't connect to ('127.0.0.1', 9994)
[2026-01-29 17:09:10 +0900] [1960556] [INFO] Handling signal: term
[2026-01-29 17:09:10 +0900] [1960556] [ERROR] Worker (pid:1967645) was sent SIGHUP!
[2026-01-29 17:09:10 +0900] [1960556] [ERROR] Worker (pid:1967646) was sent SIGHUP!
[2026-01-29 17:09:10 +0900] [1960556] [ERROR] Worker (pid:1967643) was sent SIGHUP!
[2026-01-29 17:09:10 +0900] [1960556] [ERROR] Worker (pid:1967644) was sent SIGHUP!
[2026-01-29 17:09:10 +0900] [1960556] [INFO] Shutting down: Master
[2026-01-29 17:16:52 +0900] [15997] [INFO] Starting gunicorn 23.0.0
[2026-01-29 17:16:52 +0900] [15997] [INFO] Listening at: http://127.0.0.1:9994 (15997)
[2026-01-29 17:16:52 +0900] [15997] [INFO] Using worker: sync
[2026-01-29 17:16:52 +0900] [16018] [INFO] Booting worker with pid: 16018
[2026-01-29 17:16:52 +0900] [16019] [INFO] Booting worker with pid: 16019
[2026-01-29 17:16:52 +0900] [16020] [INFO] Booting worker with pid: 16020
[2026-01-29 17:16:52 +0900] [16021] [INFO] Booting worker with pid: 16021
[2026-01-29 17:51:25 +0900] [15997] [INFO] Handling signal: winch
[2026-01-29 22:24:12 +0900] [15997] [INFO] Handling signal: winch
[2026-02-03 22:19:41 +0900] [15997] [INFO] Handling signal: winch
[2026-02-06 16:51:16 +0900] [15997] [ERROR] Worker (pid:16020) was sent SIGHUP!
[2026-02-06 16:51:16 +0900] [15997] [ERROR] Worker (pid:16021) was sent SIGHUP!
[2026-02-06 16:51:16 +0900] [15997] [ERROR] Worker (pid:16019) was sent SIGHUP!
[2026-02-06 16:51:16 +0900] [15997] [ERROR] Worker (pid:16018) was sent SIGHUP!
[2026-02-06 16:51:16 +0900] [1362661] [INFO] Booting worker with pid: 1362661
[2026-02-06 16:51:16 +0900] [1362664] [INFO] Booting worker with pid: 1362664
[2026-02-06 16:51:16 +0900] [1362739] [INFO] Booting worker with pid: 1362739
[2026-02-06 16:51:16 +0900] [1362774] [INFO] Booting worker with pid: 1362774
[2026-02-06 16:51:16 +0900] [15997] [INFO] Handling signal: hup
[2026-02-06 16:51:16 +0900] [15997] [INFO] Hang up: Master
[2026-02-06 16:51:16 +0900] [1362881] [INFO] Booting worker with pid: 1362881
[2026-02-06 16:51:16 +0900] [1362885] [INFO] Booting worker with pid: 1362885
[2026-02-06 16:51:16 +0900] [1362886] [INFO] Booting worker with pid: 1362886
[2026-02-06 16:51:16 +0900] [15997] [INFO] Handling signal: term
[2026-02-06 16:51:16 +0900] [1362890] [INFO] Booting worker with pid: 1362890
[2026-02-06 16:51:17 +0900] [1362664] [INFO] Worker exiting (pid: 1362664)
[2026-02-06 16:51:17 +0900] [1362774] [INFO] Worker exiting (pid: 1362774)
[2026-02-06 16:51:17 +0900] [1362886] [INFO] Worker exiting (pid: 1362886)
[2026-02-06 16:51:17 +0900] [1362881] [INFO] Worker exiting (pid: 1362881)
[2026-02-06 16:51:17 +0900] [1362739] [INFO] Worker exiting (pid: 1362739)
[2026-02-06 16:51:17 +0900] [1362661] [INFO] Worker exiting (pid: 1362661)
[2026-02-06 16:51:17 +0900] [1362885] [INFO] Worker exiting (pid: 1362885)
[2026-02-06 16:51:47 +0900] [15997] [INFO] Shutting down: Master
[2026-02-09 21:06:51 +0900] [129578] [INFO] Starting gunicorn 23.0.0
[2026-02-09 21:06:51 +0900] [129578] [INFO] Listening at: http://127.0.0.1:9994 (129578)
[2026-02-09 21:06:51 +0900] [129578] [INFO] Using worker: sync
[2026-02-09 21:06:51 +0900] [129590] [INFO] Booting worker with pid: 129590
[2026-02-09 21:06:51 +0900] [129591] [INFO] Booting worker with pid: 129591
[2026-02-09 21:06:51 +0900] [129592] [INFO] Booting worker with pid: 129592
[2026-02-09 21:06:51 +0900] [129593] [INFO] Booting worker with pid: 129593
[2026-02-15 21:32:19 +0900] [129578] [INFO] Handling signal: int
[2026-02-15 21:32:19 +0900] [129590] [INFO] Worker exiting (pid: 129590)
[2026-02-15 21:32:19 +0900] [129591] [INFO] Worker exiting (pid: 129591)
[2026-02-15 21:32:19 +0900] [129593] [INFO] Worker exiting (pid: 129593)
[2026-02-15 21:32:19 +0900] [129592] [INFO] Worker exiting (pid: 129592)
[2026-02-15 21:32:20 +0900] [129578] [INFO] Shutting down: Master
[2026-02-15 21:32:21 +0900] [32458] [INFO] Starting gunicorn 23.0.0
[2026-02-15 21:32:21 +0900] [32458] [INFO] Listening at: http://127.0.0.1:9994 (32458)
[2026-02-15 21:32:21 +0900] [32458] [INFO] Using worker: sync
[2026-02-15 21:32:21 +0900] [32471] [INFO] Booting worker with pid: 32471
[2026-02-15 21:32:21 +0900] [32472] [INFO] Booting worker with pid: 32472
[2026-02-15 21:32:21 +0900] [32473] [INFO] Booting worker with pid: 32473
[2026-02-15 21:32:21 +0900] [32474] [INFO] Booting worker with pid: 32474
[2026-02-15 22:58:37 +0900] [32458] [INFO] Handling signal: int
[2026-02-15 22:58:37 +0900] [32473] [INFO] Worker exiting (pid: 32473)
[2026-02-15 22:58:37 +0900] [32471] [INFO] Worker exiting (pid: 32471)
[2026-02-15 22:58:37 +0900] [32474] [INFO] Worker exiting (pid: 32474)
[2026-02-15 22:58:37 +0900] [32472] [INFO] Worker exiting (pid: 32472)
[2026-02-15 22:58:37 +0900] [32458] [INFO] Shutting down: Master
[2026-02-15 22:58:38 +0900] [84645] [INFO] Starting gunicorn 23.0.0
[2026-02-15 22:58:38 +0900] [84645] [INFO] Listening at: http://127.0.0.1:9994 (84645)
[2026-02-15 22:58:38 +0900] [84645] [INFO] Using worker: sync
[2026-02-15 22:58:38 +0900] [84647] [INFO] Booting worker with pid: 84647
[2026-02-15 22:58:38 +0900] [84650] [INFO] Booting worker with pid: 84650
[2026-02-15 22:58:38 +0900] [84658] [INFO] Booting worker with pid: 84658
[2026-02-15 22:58:38 +0900] [84670] [INFO] Booting worker with pid: 84670
[2026-02-15 23:00:58 +0900] [84645] [INFO] Handling signal: int
[2026-02-15 23:00:58 +0900] [84647] [INFO] Worker exiting (pid: 84647)
[2026-02-15 23:00:58 +0900] [84658] [INFO] Worker exiting (pid: 84658)
[2026-02-15 23:00:58 +0900] [84670] [INFO] Worker exiting (pid: 84670)
[2026-02-15 23:00:58 +0900] [84650] [INFO] Worker exiting (pid: 84650)
[2026-02-15 23:00:59 +0900] [84645] [INFO] Shutting down: Master
[2026-02-15 23:00:59 +0900] [86965] [INFO] Starting gunicorn 23.0.0
[2026-02-15 23:00:59 +0900] [86965] [INFO] Listening at: http://127.0.0.1:9994 (86965)
[2026-02-15 23:00:59 +0900] [86965] [INFO] Using worker: sync
[2026-02-15 23:00:59 +0900] [86967] [INFO] Booting worker with pid: 86967
[2026-02-15 23:00:59 +0900] [86968] [INFO] Booting worker with pid: 86968
[2026-02-15 23:00:59 +0900] [86974] [INFO] Booting worker with pid: 86974
[2026-02-15 23:00:59 +0900] [86992] [INFO] Booting worker with pid: 86992
[2026-02-15 23:05:52 +0900] [86965] [INFO] Handling signal: int
[2026-02-15 23:05:52 +0900] [86992] [INFO] Worker exiting (pid: 86992)
[2026-02-15 23:05:52 +0900] [86974] [INFO] Worker exiting (pid: 86974)
[2026-02-15 23:05:52 +0900] [86968] [INFO] Worker exiting (pid: 86968)
[2026-02-15 23:05:52 +0900] [86967] [INFO] Worker exiting (pid: 86967)
[2026-02-15 23:05:52 +0900] [86965] [INFO] Shutting down: Master
[2026-02-15 23:05:53 +0900] [90221] [INFO] Starting gunicorn 23.0.0
[2026-02-15 23:05:53 +0900] [90221] [INFO] Listening at: http://127.0.0.1:9994 (90221)
[2026-02-15 23:05:53 +0900] [90221] [INFO] Using worker: sync
[2026-02-15 23:05:53 +0900] [90223] [INFO] Booting worker with pid: 90223
[2026-02-15 23:05:53 +0900] [90235] [INFO] Booting worker with pid: 90235
[2026-02-15 23:05:53 +0900] [90247] [INFO] Booting worker with pid: 90247
[2026-02-15 23:05:53 +0900] [90260] [INFO] Booting worker with pid: 90260
[2026-03-02 18:42:02 +0900] [90221] [INFO] Handling signal: int
[2026-03-02 18:42:02 +0900] [90260] [INFO] Worker exiting (pid: 90260)
[2026-03-02 18:42:02 +0900] [90223] [INFO] Worker exiting (pid: 90223)
[2026-03-02 18:42:02 +0900] [90247] [INFO] Worker exiting (pid: 90247)
[2026-03-02 18:42:02 +0900] [90235] [INFO] Worker exiting (pid: 90235)
Starting sync of 58 questions (Force=True)...
Sync completed successfully.
[2026-03-02 18:42:03 +0900] [90221] [INFO] Shutting down: Master
[2026-03-02 18:42:04 +0900] [2962422] [INFO] Starting gunicorn 23.0.0
[2026-03-02 18:42:04 +0900] [2962422] [INFO] Listening at: http://127.0.0.1:9994 (2962422)
[2026-03-02 18:42:04 +0900] [2962422] [INFO] Using worker: sync
[2026-03-02 18:42:04 +0900] [2962433] [INFO] Booting worker with pid: 2962433
[2026-03-02 18:42:04 +0900] [2962435] [INFO] Booting worker with pid: 2962435
[2026-03-02 18:42:04 +0900] [2962454] [INFO] Booting worker with pid: 2962454
[2026-03-02 18:42:04 +0900] [2962462] [INFO] Booting worker with pid: 2962462
/home/ayumi/project-backup/Amen/start_amen.sh: line 3: 2962422 Killed                  /home/ayumi/miniconda3/envs/ana11/bin/python -m gunicorn 'app:create_app()' --bind 127.0.0.1:9994 --workers 4 --timeout 120
[2026-03-04 18:42:04 +0900] [658736] [INFO] Starting gunicorn 23.0.0
[2026-03-04 18:42:04 +0900] [658736] [INFO] Listening at: http://127.0.0.1:9994 (658736)
[2026-03-04 18:42:04 +0900] [658736] [INFO] Using worker: sync
[2026-03-04 18:42:04 +0900] [658747] [INFO] Booting worker with pid: 658747
[2026-03-04 18:42:04 +0900] [658752] [INFO] Booting worker with pid: 658752
[2026-03-04 18:42:04 +0900] [658789] [INFO] Booting worker with pid: 658789
[2026-03-04 18:42:04 +0900] [658790] [INFO] Booting worker with pid: 658790
