Hint: Detected deprecated `memoryWindow` without `contextWindowTokens`. 
`memoryWindow` is ignored; run nanobot onboard to refresh your config template.
🐈 Starting nanobot gateway on port 18790...
TaskQueue integrated successfully
✓ Channels enabled: telegram
✓ Cron: 4 scheduled jobs
✓ Heartbeat: every 1800s
Hint: Detected deprecated `memoryWindow` without `contextWindowTokens`. 
`memoryWindow` is ignored; run nanobot onboard to refresh your config template.
🐈 Starting nanobot gateway on port 18790...
✓ Channels enabled: telegram
✓ Cron: 4 scheduled jobs
✓ Heartbeat: every 1800s
Hint: Detected deprecated `memoryWindow` without `contextWindowTokens`. 
`memoryWindow` is ignored; run nanobot onboard to refresh your config template.
🐈 Starting nanobot gateway on port 18790...
✓ Channels enabled: telegram
✓ Cron: 4 scheduled jobs
✓ Heartbeat: every 1800s
Hint: Detected deprecated `memoryWindow` without `contextWindowTokens`. 
`memoryWindow` is ignored; run nanobot onboard to refresh your config template.
🐈 Starting nanobot gateway on port 18790...
✓ Channels enabled: telegram
✓ Cron: 4 scheduled jobs
✓ Heartbeat: every 1800s
Hint: Detected deprecated `memoryWindow` without `contextWindowTokens`. 
`memoryWindow` is ignored; run nanobot onboard to refresh your config template.
🐈 Starting nanobot gateway on port 18790...
✓ Channels enabled: telegram
✓ Cron: 4 scheduled jobs
✓ Heartbeat: every 1800s
