[Win32Monitor] Started — listening for clipboard & hotkeys
[Win32Monitor] Started — listening for clipboard & hotkeys
[Win32Monitor] Started — listening for clipboard & hotkeys
[Win32Monitor] RegisterHotKey Ctrl+Alt+V failed: 1409
[Win32Monitor] Started — listening for clipboard & hotkeys
[Win32Monitor] Started — listening for clipboard & hotkeys
[Win32Monitor] Started — listening for clipboard & hotkeys
[Win32Monitor] Warning: Received clipboard event but content is empty or unreadable after retries.
board & hotkeys
[Win32Monitor] RegisterHotKey Ctrl+Alt+V failed: 1409
[Win32Monitor] Started — listening for clipboard & hotkeys
[Win32Monitor] RegisterHotKey Ctrl+Alt+V failed: 1409
[Win32Monitor] Started — listening for clipboard & hotkeys
[Win32Monitor] RegisterHotKey Ctrl+Alt+V failed: 1409
[Win32Monitor] Started — listening for clipboard & hotkeys
[Win32Monitor] Started — listening for clipboard & hotkeys
[Win32Monitor] RegisterHotKey Ctrl+Alt+V failed: 1409
[Win32Monitor] Started — listening for clipboard & hotkeys
Hello from multi-run-apps!
Hello from multi-run-apps!
Hello from multi-run-apps!
Hello from multi-run-apps!
Hello from multi-run-apps!
Hello from multi-run-apps!
Hello from multi-run-apps!
Hello from multi-run-apps!
Hello from multi-run-apps!
Hello from multi-run-apps!
Hello from multi-run-apps!
Hello from multi-run-apps!
Hello from multi-run-apps!
Hello from multi-run-apps!
Hello from multi-run-apps!
[Win32Monitor] Started — listening for clipboard & hotkeys
[Win32Monitor] RegisterHotKey Ctrl+Alt+V failed: 1409
[Win32Monitor] Started — listening for clipboard & hotkeys
[Win32Monitor] Started — listening for clipboard & hotkeys
[Win32Monitor] RegisterHotKey Ctrl+Alt+V failed: 1409
[Win32Monitor] Started — listening for clipboard & hotkeys
[Win32Monitor] RegisterHotKey Ctrl+Alt+V failed: 1409
[Win32Monitor] Started — listening for clipboard & hotkeys
[Win32Monitor] Started — listening for clipboard & hotkeys
[Win32Monitor] Started — listening for clipboard & hotkeys
[Win32Monitor] Started — listening for clipboard & hotkeys
[Win32Monitor] Warning: Received clipboard event but content is empty or unreadable after retries.
[Win32Monitor] Warning: Received clipboard event but content is empty or unreadable after retries.
[Win32Monitor] Warning: Received clipboard event but content is empty or unreadable after retries.
[Win32Monitor] RegisterHotKey Ctrl+Alt+V failed: 1409
[Win32Monitor] Started — listening for clipboard & hotkeys
[Win32Monitor] Warning: Received clipboard event but content is empty or unreadable after retries.
[Win32Monitor] Started — listening for clipboard & hotkeys
[Win32Monitor] Started — listening for clipboard & hotkeys
[Win32Monitor] Started — listening for clipboard & hotkeys
[Win32Monitor] Started — listening for clipboard & hotkeys
[Win32Monitor] Started — listening for clipboard & hotkeys
[Win32Monitor] Started — listening for clipboard & hotkeys
[Win32Monitor] Started — listening for clipboard & hotkeys
[Win32Monitor] Started — listening for clipboard & hotkeys
[Win32Monitor] Started — listening for clipboard & hotkeys
[Win32Monitor] Started — listening for clipboard & hotkeys
[Win32Monitor] Started — listening for clipboard & hotkeys
[Win32Monitor] Started — listening for clipboard & hotkeys
[Win32Monitor] Warning: Received clipboard event but content is empty or unreadable after retries.
[Win32Monitor] Warning: Received clipboard event but content is empty or unreadable after retries.
[Win32Monitor] Warning: Received clipboard event but content is empty or unreadable after retries.
[Win32Monitor] Started — listening for clipboard & hotkeys
[Win32Monitor] Started — listening for clipboard & hotkeys
[Win32Monitor] Warning: Received clipboard event but content is empty or unreadable after retries.
[Win32Monitor] Warning: Received clipboard event but content is empty or unreadable after retries.
[Win32Monitor] Warning: Received clipboard event but content is empty or unreadable after retries.
[Win32Monitor] Warning: Received clipboard event but content is empty or unreadable after retries.
[Win32Monitor] Warning: Received clipboard event but content is empty or unreadable after retries.
[Win32Monitor] Warning: Received clipboard event but content is empty or unreadable after retries.
[Win32Monitor] Warning: Received clipboard event but content is empty or unreadable after retries.
[Win32Monitor] Warning: Received clipboard event but content is empty or unreadable after retries.
[Win32Monitor] Warning: Received clipboard event but content is empty or unreadable after retries.
[Win32Monitor] Warning: Received clipboard event but content is empty or unreadable after retries.
[Win32Monitor] Started — listening for clipboard & hotkeys
[Win32Monitor] Warning: Received clipboard event but content is empty or unreadable after retries.
[Win32Monitor] Warning: Received clipboard event but content is empty or unreadable after retries.
[Win32Monitor] Warning: Received clipboard event but content is empty or unreadable after retries.
[Win32Monitor] Warning: Received clipboard event but content is empty or unreadable after retries.
[Win32Monitor] Warning: Received clipboard event but content is empty or unreadable after retries.
[Win32Monitor] Warning: Received clipboard event but content is empty or unreadable after retries.
[Win32Monitor] Warning: Received clipboard event but content is empty or unreadable after retries.
[Win32Monitor] Warning: Received clipboard event but content is empty or unreadable after retries.
[Win32Monitor] Warning: Received clipboard event but content is empty or unreadable after retries.
[Win32Monitor] Warning: Received clipboard event but content is empty or unreadable after retries.
[Win32Monitor] Warning: Received clipboard event but content is empty or unreadable after retries.
[Win32Monitor] Warning: Received clipboard event but content is empty or unreadable after retries.
[Win32Monitor] Warning: Received clipboard event but content is empty or unreadable after retries.
[Win32Monitor] Warning: Received clipboard event but content is empty or unreadable after retries.
[Win32Monitor] Warning: Received clipboard event but content is empty or unreadable after retries.
[Win32Monitor] Warning: Received clipboard event but content is empty or unreadable after retries.
[Win32Monitor] Warning: Received clipboard event but content is empty or unreadable after retries.
[Win32Monitor] Warning: Received clipboard event but content is empty or unreadable after retries.
[Win32Monitor] Warning: Received clipboard event but content is empty or unreadable after retries.
[Win32Monitor] Started — listening for clipboard & hotkeys
[Win32Monitor] Started — listening for clipboard & hotkeys
[Win32Monitor] Started — listening for clipboard & hotkeys
[Win32Monitor] Started — listening for clipboard & hotkeys
[Win32Monitor] Started — listening for clipboard & hotkeys
[Win32Monitor] Warning: Received clipboard event but content is empty or unreadable after retries.
[Win32Monitor] Warning: Received clipboard event but content is empty or unreadable after retries.
